<?xml version="1.0" encoding="utf-8"?><testsuites name="pytest tests"><testsuite name="pytest" errors="0" failures="0" skipped="0" tests="6" time="4.970" timestamp="2025-07-14T05:35:55.499889+00:00" hostname="5998318076cf"><testcase classname="tests.test_app.FlaskTests" name="test_add_color" time="4.192" /><testcase classname="tests.test_app.FlaskTests" name="test_color_not_red_logic" time="0.060" /><testcase classname="tests.test_app.FlaskTests" name="test_delete_color" time="0.059" /><testcase classname="tests.test_app.FlaskTests" name="test_home_page_data" time="0.028" /><testcase classname="tests.test_app.FlaskTests" name="test_multiple_color_changes" time="0.028" /><testcase classname="tests.test_app.FlaskTests" name="test_reset_color_history" time="0.035" /></testsuite></testsuites>